<?xml version="1.0" encoding="UTF-8"?>
<TestRun id="b7b96a8c-e174-49b0-83a2-c77765622d99" name="jdyer1@JDYER1-2K3 2012-10-11 14:02:57" runUser="RRI\jdyer1" xmlns="http://microsoft.com/schemas/VisualStudio/TeamTest/2010">
  <TestSettings name="Local" id="73811cf1-0644-4df3-9da5-552245f53791">
    <Description>These are default test settings for a local test run.</Description>
    <Deployment userDeploymentRoot="c:\DropBox\Dropbox\Tank\TestResults" useDefaultDeploymentRoot="false" enabled="false" runDeploymentRoot="jdyer1_JDYER1-2K3 2012-10-11 14_02_57">
      <DeploymentItem filename="c:\DropBox\Dropbox\Tank\Tank\bin\Debug\Tank.exe" />
    </Deployment>
    <Execution>
      <TestTypeSpecific />
      <AgentRule name="Execution Agents">
      </AgentRule>
    </Execution>
  </TestSettings>
  <Times creation="2012-10-11T14:02:57.1998524-05:00" queuing="2012-10-11T14:02:57.1998524-05:00" start="2012-10-11T14:02:57.2311024-05:00" finish="2012-10-11T14:02:57.6217274-05:00" />
  <ResultSummary outcome="Completed">
    <Counters total="1" executed="1" passed="1" error="0" failed="0" timeout="0" aborted="0" inconclusive="0" passedButRunAborted="0" notRunnable="0" notExecuted="0" disconnected="0" warning="0" completed="0" inProgress="0" pending="0" />
  </ResultSummary>
  <TestDefinitions>
    <UnitTest name="BuffManagerFullTest" storage="c:\dropbox\dropbox\tank\tanktests\bin\debug\tanktests.dll" id="b603a618-543d-d56a-5d8c-43cfd9e7e29f">
      <Execution id="eee26b4f-56e7-4d32-b81f-30246ba56c3e" />
      <TestMethod codeBase="c:/DropBox/Dropbox/Tank/TankTests/bin/Debug/TankTests.DLL" adapterTypeName="Microsoft.VisualStudio.TestTools.TestTypes.Unit.UnitTestAdapter, Microsoft.VisualStudio.QualityTools.Tips.UnitTest.Adapter, Version=10.0.0.0, Culture=neutral, PublicKeyToken=b03f5f7f11d50a3a" className="TankTests.BuffManagerTest, TankTests, Version=1.0.0.0, Culture=neutral, PublicKeyToken=null" name="BuffManagerFullTest" />
    </UnitTest>
  </TestDefinitions>
  <TestLists>
    <TestList name="Results Not in a List" id="8c84fa94-04c1-424b-9868-57a2d4851a1d" />
    <TestList name="All Loaded Results" id="19431567-8539-422a-85d7-44ee4e166bda" />
  </TestLists>
  <TestEntries>
    <TestEntry testId="b603a618-543d-d56a-5d8c-43cfd9e7e29f" executionId="eee26b4f-56e7-4d32-b81f-30246ba56c3e" testListId="8c84fa94-04c1-424b-9868-57a2d4851a1d" />
  </TestEntries>
  <Results>
    <UnitTestResult executionId="eee26b4f-56e7-4d32-b81f-30246ba56c3e" testId="b603a618-543d-d56a-5d8c-43cfd9e7e29f" testName="BuffManagerFullTest" computerName="JDYER1-2K3" duration="00:00:00.0243651" startTime="2012-10-11T14:02:57.2467274-05:00" endTime="2012-10-11T14:02:57.6061024-05:00" testType="13cdc9d9-ddb5-4fa4-a97d-d965ccfc6d4b" outcome="Passed" testListId="8c84fa94-04c1-424b-9868-57a2d4851a1d" relativeResultsDirectory="eee26b4f-56e7-4d32-b81f-30246ba56c3e">
    </UnitTestResult>
  </Results>
</TestRun>