<?xml version="1.0" encoding="UTF-8"?>
<TestRun id="2bfab790-4200-424d-a1ee-5ef36068a6e6" name="jdyer1@JDYER1-2K3 2012-10-11 13:52:03" runUser="RRI\jdyer1" xmlns="http://microsoft.com/schemas/VisualStudio/TeamTest/2010">
  <TestSettings name="Local" id="73811cf1-0644-4df3-9da5-552245f53791">
    <Description>These are default test settings for a local test run.</Description>
    <Deployment userDeploymentRoot="c:\DropBox\Dropbox\Tank\TestResults" useDefaultDeploymentRoot="false" enabled="false" runDeploymentRoot="jdyer1_JDYER1-2K3 2012-10-11 13_52_03">
      <DeploymentItem filename="c:\DropBox\Dropbox\Tank\Tank\bin\Debug\Tank.exe" />
    </Deployment>
    <Execution>
      <TestTypeSpecific />
      <AgentRule name="Execution Agents">
      </AgentRule>
    </Execution>
  </TestSettings>
  <Times creation="2012-10-11T13:52:03.0279774-05:00" queuing="2012-10-11T13:52:11.9186024-05:00" start="2012-10-11T13:52:12.1217274-05:00" finish="2012-10-11T13:52:32.9967274-05:00" />
  <ResultSummary outcome="Error">
    <Counters total="1" executed="1" error="0" failed="0" timeout="0" aborted="1" inconclusive="0" passedButRunAborted="0" notRunnable="0" notExecuted="0" disconnected="0" warning="0" passed="0" completed="0" inProgress="0" pending="0" />
    <RunInfos>
      <RunInfo computerName="JDYER1-2K3" outcome="Error" timestamp="2012-10-11T13:52:32.9967274-05:00">
        <Text>Test host process exited unexpectedly.</Text>
      </RunInfo>
    </RunInfos>
  </ResultSummary>
  <TestDefinitions>
    <UnitTest name="BuffManagerFullTest" storage="c:\dropbox\dropbox\tank\tanktests\bin\debug\tanktests.dll" id="b603a618-543d-d56a-5d8c-43cfd9e7e29f">
      <Execution id="6221d4a8-88ff-4e6d-8c0c-ec79a165d8ec" />
      <TestMethod codeBase="c:/DropBox/Dropbox/Tank/TankTests/bin/Debug/TankTests.DLL" adapterTypeName="Microsoft.VisualStudio.TestTools.TestTypes.Unit.UnitTestAdapter, Microsoft.VisualStudio.QualityTools.Tips.UnitTest.Adapter, Version=10.0.0.0, Culture=neutral, PublicKeyToken=b03f5f7f11d50a3a" className="TankTests.BuffManagerTest, TankTests, Version=1.0.0.0, Culture=neutral, PublicKeyToken=null" name="BuffManagerFullTest" />
    </UnitTest>
  </TestDefinitions>
  <TestLists>
    <TestList name="Results Not in a List" id="8c84fa94-04c1-424b-9868-57a2d4851a1d" />
    <TestList name="All Loaded Results" id="19431567-8539-422a-85d7-44ee4e166bda" />
  </TestLists>
  <TestEntries>
    <TestEntry testId="b603a618-543d-d56a-5d8c-43cfd9e7e29f" executionId="6221d4a8-88ff-4e6d-8c0c-ec79a165d8ec" testListId="8c84fa94-04c1-424b-9868-57a2d4851a1d" />
  </TestEntries>
  <Results>
    <UnitTestResult executionId="6221d4a8-88ff-4e6d-8c0c-ec79a165d8ec" testId="b603a618-543d-d56a-5d8c-43cfd9e7e29f" testName="BuffManagerFullTest" computerName="JDYER1-2K3" duration="00:00:20.3906250" startTime="2012-10-11T13:52:12.6061024-05:00" endTime="2012-10-11T13:52:32.9967274-05:00" testType="13cdc9d9-ddb5-4fa4-a97d-d965ccfc6d4b" outcome="Aborted" testListId="8c84fa94-04c1-424b-9868-57a2d4851a1d" relativeResultsDirectory="6221d4a8-88ff-4e6d-8c0c-ec79a165d8ec">
    </UnitTestResult>
  </Results>
</TestRun>